INFO:     Started server process [18704]
INFO:     Waiting for application startup.
INFO:     Application startup complete.
INFO:     Uvicorn running on http://0.0.0.0:8010 (Press CTRL+C to quit)
INFO:     192.168.200.18:56445 - "POST /support/executive-schedule/import HTTP/1.1" 200 OK
INFO:     192.168.200.18:56448 - "GET /support/executive-schedule HTTP/1.1" 200 OK
Executive Schedule: Graph fallback failed to fetch/parse Schedule.xlsx
Traceback (most recent call last):
  File "D:\Maruti_workspace\rspl_Api\app\routers\support_schedule.py", line 176, in _fetch_from_graph
    resp.raise_for_status()
    ~~~~~~~~~~~~~~~~~~~~~^^
  File "D:\Maruti_workspace\rspl_Api\.venv\Lib\site-packages\requests\models.py", line 1167, in raise_for_status
    raise HTTPError(http_error_msg, response=self)
requests.exceptions.HTTPError: 401 Client Error: Unauthorized for url: https://graph.microsoft.com/v1.0/shares/u!aHR0cHM6Ly9teXJldGFpbHdhcmUtbXkuc2hhcmVwb2ludC5jb20vOng6L3IvcGVyc29uYWwvYW1vbGpfcmV0YWlsd2FyZV9pbmZvL0RvY3VtZW50cy9TY2hlZHVsZS54bHN4P2Q9d2ZlYjJlYjdmYWYzZjQ1ZjE4YjgyNDkzNGU4NmJhNDhkJmNzZj0xJndlYj0xJmU9TVA5Z3J5/driveItem/content
INFO:     192.168.200.18:56451 - "GET /support/executive-schedule HTTP/1.1" 200 OK
INFO:     192.168.200.18:56481 - "OPTIONS /support/executive-schedule HTTP/1.1" 200 OK
Executive Schedule: Graph fallback failed to fetch/parse Schedule.xlsx
Traceback (most recent call last):
  File "D:\Maruti_workspace\rspl_Api\app\routers\support_schedule.py", line 176, in _fetch_from_graph
    resp.raise_for_status()
    ~~~~~~~~~~~~~~~~~~~~~^^
  File "D:\Maruti_workspace\rspl_Api\.venv\Lib\site-packages\requests\models.py", line 1167, in raise_for_status
    raise HTTPError(http_error_msg, response=self)
requests.exceptions.HTTPError: 401 Client Error: Unauthorized for url: https://graph.microsoft.com/v1.0/shares/u!aHR0cHM6Ly9teXJldGFpbHdhcmUtbXkuc2hhcmVwb2ludC5jb20vOng6L3IvcGVyc29uYWwvYW1vbGpfcmV0YWlsd2FyZV9pbmZvL0RvY3VtZW50cy9TY2hlZHVsZS54bHN4P2Q9d2ZlYjJlYjdmYWYzZjQ1ZjE4YjgyNDkzNGU4NmJhNDhkJmNzZj0xJndlYj0xJmU9TVA5Z3J5/driveItem/content
INFO:     192.168.200.18:56481 - "GET /support/executive-schedule HTTP/1.1" 200 OK
Executive Schedule: Graph fallback failed to fetch/parse Schedule.xlsx
Traceback (most recent call last):
  File "D:\Maruti_workspace\rspl_Api\app\routers\support_schedule.py", line 176, in _fetch_from_graph
    resp.raise_for_status()
    ~~~~~~~~~~~~~~~~~~~~~^^
  File "D:\Maruti_workspace\rspl_Api\.venv\Lib\site-packages\requests\models.py", line 1167, in raise_for_status
    raise HTTPError(http_error_msg, response=self)
requests.exceptions.HTTPError: 401 Client Error: Unauthorized for url: https://graph.microsoft.com/v1.0/shares/u!aHR0cHM6Ly9teXJldGFpbHdhcmUtbXkuc2hhcmVwb2ludC5jb20vOng6L3IvcGVyc29uYWwvYW1vbGpfcmV0YWlsd2FyZV9pbmZvL0RvY3VtZW50cy9TY2hlZHVsZS54bHN4P2Q9d2ZlYjJlYjdmYWYzZjQ1ZjE4YjgyNDkzNGU4NmJhNDhkJmNzZj0xJndlYj0xJmU9TVA5Z3J5/driveItem/content
INFO:     192.168.200.18:56487 - "GET /support/executive-schedule HTTP/1.1" 200 OK
Executive Schedule: Graph fallback failed to fetch/parse Schedule.xlsx
Traceback (most recent call last):
  File "D:\Maruti_workspace\rspl_Api\app\routers\support_schedule.py", line 176, in _fetch_from_graph
    resp.raise_for_status()
    ~~~~~~~~~~~~~~~~~~~~~^^
  File "D:\Maruti_workspace\rspl_Api\.venv\Lib\site-packages\requests\models.py", line 1167, in raise_for_status
    raise HTTPError(http_error_msg, response=self)
requests.exceptions.HTTPError: 401 Client Error: Unauthorized for url: https://graph.microsoft.com/v1.0/shares/u!aHR0cHM6Ly9teXJldGFpbHdhcmUtbXkuc2hhcmVwb2ludC5jb20vOng6L3IvcGVyc29uYWwvYW1vbGpfcmV0YWlsd2FyZV9pbmZvL0RvY3VtZW50cy9TY2hlZHVsZS54bHN4P2Q9d2ZlYjJlYjdmYWYzZjQ1ZjE4YjgyNDkzNGU4NmJhNDhkJmNzZj0xJndlYj0xJmU9TVA5Z3J5/driveItem/content
INFO:     192.168.200.18:56506 - "GET /support/executive-schedule HTTP/1.1" 200 OK
INFO:     192.168.200.18:50709 - "GET /docs HTTP/1.1" 200 OK
INFO:     192.168.200.18:50722 - "OPTIONS /auth/login HTTP/1.1" 200 OK
INFO:     192.168.200.18:50722 - "POST /auth/login HTTP/1.1" 200 OK
INFO:     192.168.200.18:50722 - "OPTIONS /general/dashboards/software-client-count HTTP/1.1" 200 OK
INFO:     192.168.200.18:50722 - "OPTIONS /general/dashboards/holiday-list-title HTTP/1.1" 200 OK
INFO:     192.168.200.18:50727 - "OPTIONS /general/dashboards/holiday-list HTTP/1.1" 200 OK
INFO:     192.168.200.18:50722 - "GET /general/dashboards/holiday-list-title HTTP/1.1" 500 Internal Server Error
ERROR:    Exception in ASGI application
Traceback (most recent call last):
  File "D:\Maruti_workspace\rspl_Api\.venv\Lib\site-packages\uvicorn\protocols\http\httptools_impl.py", line 409, in run_asgi
    result = await app(  # type: ignore[func-returns-value]
             ^^^^^^^^^^^^^^^^^^^^^^^^^^^^^^^^^^^^^^^^^^^^^^
        self.scope, self.receive, self.send
        ^^^^^^^^^^^^^^^^^^^^^^^^^^^^^^^^^^^
    )
    ^
  File "D:\Maruti_workspace\rspl_Api\.venv\Lib\site-packages\uvicorn\middleware\proxy_headers.py", line 60, in __call__
    return await self.app(scope, receive, send)
           ^^^^^^^^^^^^^^^^^^^^^^^^^^^^^^^^^^^^
  File "D:\Maruti_workspace\rspl_Api\.venv\Lib\site-packages\fastapi\applications.py", line 1054, in __call__
    await super().__call__(scope, receive, send)
  File "D:\Maruti_workspace\rspl_Api\.venv\Lib\site-packages\starlette\applications.py", line 113, in __call__
    await self.middleware_stack(scope, receive, send)
  File "D:\Maruti_workspace\rspl_Api\.venv\Lib\site-packages\starlette\middleware\errors.py", line 187, in __call__
    raise exc
  File "D:\Maruti_workspace\rspl_Api\.venv\Lib\site-packages\starlette\middleware\errors.py", line 165, in __call__
    await self.app(scope, receive, _send)
  File "D:\Maruti_workspace\rspl_Api\.venv\Lib\site-packages\starlette\middleware\cors.py", line 93, in __call__
    await self.simple_response(scope, receive, send, request_headers=headers)
  File "D:\Maruti_workspace\rspl_Api\.venv\Lib\site-packages\starlette\middleware\cors.py", line 144, in simple_response
    await self.app(scope, receive, send)
  File "D:\Maruti_workspace\rspl_Api\.venv\Lib\site-packages\starlette\middleware\exceptions.py", line 62, in __call__
    await wrap_app_handling_exceptions(self.app, conn)(scope, receive, send)
  File "D:\Maruti_workspace\rspl_Api\.venv\Lib\site-packages\starlette\_exception_handler.py", line 53, in wrapped_app
    raise exc
  File "D:\Maruti_workspace\rspl_Api\.venv\Lib\site-packages\starlette\_exception_handler.py", line 42, in wrapped_app
    await app(scope, receive, sender)
  File "D:\Maruti_workspace\rspl_Api\.venv\Lib\site-packages\starlette\routing.py", line 715, in __call__
    await self.middleware_stack(scope, receive, send)
  File "D:\Maruti_workspace\rspl_Api\.venv\Lib\site-packages\starlette\routing.py", line 735, in app
    await route.handle(scope, receive, send)
  File "D:\Maruti_workspace\rspl_Api\.venv\Lib\site-packages\starlette\routing.py", line 288, in handle
    await self.app(scope, receive, send)
  File "D:\Maruti_workspace\rspl_Api\.venv\Lib\site-packages\starlette\routing.py", line 76, in app
    await wrap_app_handling_exceptions(app, request)(scope, receive, send)
  File "D:\Maruti_workspace\rspl_Api\.venv\Lib\site-packages\starlette\_exception_handler.py", line 53, in wrapped_app
    raise exc
  File "D:\Maruti_workspace\rspl_Api\.venv\Lib\site-packages\starlette\_exception_handler.py", line 42, in wrapped_app
    await app(scope, receive, sender)
  File "D:\Maruti_workspace\rspl_Api\.venv\Lib\site-packages\starlette\routing.py", line 73, in app
    response = await f(request)
               ^^^^^^^^^^^^^^^^
  File "D:\Maruti_workspace\rspl_Api\.venv\Lib\site-packages\fastapi\routing.py", line 301, in app
    raw_response = await run_endpoint_function(
                   ^^^^^^^^^^^^^^^^^^^^^^^^^^^^
    ...<3 lines>...
    )
    ^
  File "D:\Maruti_workspace\rspl_Api\.venv\Lib\site-packages\fastapi\routing.py", line 214, in run_endpoint_function
    return await run_in_threadpool(dependant.call, **values)
           ^^^^^^^^^^^^^^^^^^^^^^^^^^^^^^^^^^^^^^^^^^^^^^^^^
  File "D:\Maruti_workspace\rspl_Api\.venv\Lib\site-packages\starlette\concurrency.py", line 39, in run_in_threadpool
    return await anyio.to_thread.run_sync(func, *args)
           ^^^^^^^^^^^^^^^^^^^^^^^^^^^^^^^^^^^^^^^^^^^
  File "D:\Maruti_workspace\rspl_Api\.venv\Lib\site-packages\anyio\to_thread.py", line 63, in run_sync
    return await get_async_backend().run_sync_in_worker_thread(
           ^^^^^^^^^^^^^^^^^^^^^^^^^^^^^^^^^^^^^^^^^^^^^^^^^^^^
        func, args, abandon_on_cancel=abandon_on_cancel, limiter=limiter
        ^^^^^^^^^^^^^^^^^^^^^^^^^^^^^^^^^^^^^^^^^^^^^^^^^^^^^^^^^^^^^^^^
    )
    ^
  File "D:\Maruti_workspace\rspl_Api\.venv\Lib\site-packages\anyio\_backends\_asyncio.py", line 2596, in run_sync_in_worker_thread
    return await future
           ^^^^^^^^^^^^
  File "D:\Maruti_workspace\rspl_Api\.venv\Lib\site-packages\anyio\_backends\_asyncio.py", line 1029, in run
    result = context.run(func, *args)
  File "D:\Maruti_workspace\rspl_Api\app\routers\general_dashboards.py", line 138, in get_holiday_list_title
    cursor.execute("SELECT Name FROM RSPL_HolidayMasterSettings WHERE Id = 1")
    ~~~~~~~~~~~~~~^^^^^^^^^^^^^^^^^^^^^^^^^^^^^^^^^^^^^^^^^^^^^^^^^^^^^^^^^^^^
pyodbc.ProgrammingError: ('42S02', "[42S02] [Microsoft][ODBC Driver 17 for SQL Server][SQL Server]Invalid object name 'RSPL_HolidayMasterSettings'. (208) (SQLExecDirectW)")
INFO:     192.168.200.18:50728 - "GET /general/dashboards/holiday-list HTTP/1.1" 500 Internal Server Error
ERROR:    Exception in ASGI application
Traceback (most recent call last):
  File "D:\Maruti_workspace\rspl_Api\.venv\Lib\site-packages\uvicorn\protocols\http\httptools_impl.py", line 409, in run_asgi
    result = await app(  # type: ignore[func-returns-value]
             ^^^^^^^^^^^^^^^^^^^^^^^^^^^^^^^^^^^^^^^^^^^^^^
        self.scope, self.receive, self.send
        ^^^^^^^^^^^^^^^^^^^^^^^^^^^^^^^^^^^
    )
    ^
  File "D:\Maruti_workspace\rspl_Api\.venv\Lib\site-packages\uvicorn\middleware\proxy_headers.py", line 60, in __call__
    return await self.app(scope, receive, send)
           ^^^^^^^^^^^^^^^^^^^^^^^^^^^^^^^^^^^^
  File "D:\Maruti_workspace\rspl_Api\.venv\Lib\site-packages\fastapi\applications.py", line 1054, in __call__
    await super().__call__(scope, receive, send)
  File "D:\Maruti_workspace\rspl_Api\.venv\Lib\site-packages\starlette\applications.py", line 113, in __call__
    await self.middleware_stack(scope, receive, send)
  File "D:\Maruti_workspace\rspl_Api\.venv\Lib\site-packages\starlette\middleware\errors.py", line 187, in __call__
    raise exc
  File "D:\Maruti_workspace\rspl_Api\.venv\Lib\site-packages\starlette\middleware\errors.py", line 165, in __call__
    await self.app(scope, receive, _send)
  File "D:\Maruti_workspace\rspl_Api\.venv\Lib\site-packages\starlette\middleware\cors.py", line 93, in __call__
    await self.simple_response(scope, receive, send, request_headers=headers)
  File "D:\Maruti_workspace\rspl_Api\.venv\Lib\site-packages\starlette\middleware\cors.py", line 144, in simple_response
    await self.app(scope, receive, send)
  File "D:\Maruti_workspace\rspl_Api\.venv\Lib\site-packages\starlette\middleware\exceptions.py", line 62, in __call__
    await wrap_app_handling_exceptions(self.app, conn)(scope, receive, send)
  File "D:\Maruti_workspace\rspl_Api\.venv\Lib\site-packages\starlette\_exception_handler.py", line 53, in wrapped_app
    raise exc
  File "D:\Maruti_workspace\rspl_Api\.venv\Lib\site-packages\starlette\_exception_handler.py", line 42, in wrapped_app
    await app(scope, receive, sender)
  File "D:\Maruti_workspace\rspl_Api\.venv\Lib\site-packages\starlette\routing.py", line 715, in __call__
    await self.middleware_stack(scope, receive, send)
  File "D:\Maruti_workspace\rspl_Api\.venv\Lib\site-packages\starlette\routing.py", line 735, in app
    await route.handle(scope, receive, send)
  File "D:\Maruti_workspace\rspl_Api\.venv\Lib\site-packages\starlette\routing.py", line 288, in handle
    await self.app(scope, receive, send)
  File "D:\Maruti_workspace\rspl_Api\.venv\Lib\site-packages\starlette\routing.py", line 76, in app
    await wrap_app_handling_exceptions(app, request)(scope, receive, send)
  File "D:\Maruti_workspace\rspl_Api\.venv\Lib\site-packages\starlette\_exception_handler.py", line 53, in wrapped_app
    raise exc
  File "D:\Maruti_workspace\rspl_Api\.venv\Lib\site-packages\starlette\_exception_handler.py", line 42, in wrapped_app
    await app(scope, receive, sender)
  File "D:\Maruti_workspace\rspl_Api\.venv\Lib\site-packages\starlette\routing.py", line 73, in app
    response = await f(request)
               ^^^^^^^^^^^^^^^^
  File "D:\Maruti_workspace\rspl_Api\.venv\Lib\site-packages\fastapi\routing.py", line 301, in app
    raw_response = await run_endpoint_function(
                   ^^^^^^^^^^^^^^^^^^^^^^^^^^^^
    ...<3 lines>...
    )
    ^
  File "D:\Maruti_workspace\rspl_Api\.venv\Lib\site-packages\fastapi\routing.py", line 214, in run_endpoint_function
    return await run_in_threadpool(dependant.call, **values)
           ^^^^^^^^^^^^^^^^^^^^^^^^^^^^^^^^^^^^^^^^^^^^^^^^^
  File "D:\Maruti_workspace\rspl_Api\.venv\Lib\site-packages\starlette\concurrency.py", line 39, in run_in_threadpool
    return await anyio.to_thread.run_sync(func, *args)
           ^^^^^^^^^^^^^^^^^^^^^^^^^^^^^^^^^^^^^^^^^^^
  File "D:\Maruti_workspace\rspl_Api\.venv\Lib\site-packages\anyio\to_thread.py", line 63, in run_sync
    return await get_async_backend().run_sync_in_worker_thread(
           ^^^^^^^^^^^^^^^^^^^^^^^^^^^^^^^^^^^^^^^^^^^^^^^^^^^^
        func, args, abandon_on_cancel=abandon_on_cancel, limiter=limiter
        ^^^^^^^^^^^^^^^^^^^^^^^^^^^^^^^^^^^^^^^^^^^^^^^^^^^^^^^^^^^^^^^^
    )
    ^
  File "D:\Maruti_workspace\rspl_Api\.venv\Lib\site-packages\anyio\_backends\_asyncio.py", line 2596, in run_sync_in_worker_thread
    return await future
           ^^^^^^^^^^^^
  File "D:\Maruti_workspace\rspl_Api\.venv\Lib\site-packages\anyio\_backends\_asyncio.py", line 1029, in run
    result = context.run(func, *args)
  File "D:\Maruti_workspace\rspl_Api\app\routers\general_dashboards.py", line 121, in get_holiday_list
    cursor.execute(
    ~~~~~~~~~~~~~~^
        "SELECT HolidayDate, Day, Event FROM RSPL_HolidayMaster WHERE Enabled = 1 ORDER BY HolidayDate"
        ^^^^^^^^^^^^^^^^^^^^^^^^^^^^^^^^^^^^^^^^^^^^^^^^^^^^^^^^^^^^^^^^^^^^^^^^^^^^^^^^^^^^^^^^^^^^^^^
    )
    ^
pyodbc.ProgrammingError: ('42S02', "[42S02] [Microsoft][ODBC Driver 17 for SQL Server][SQL Server]Invalid object name 'RSPL_HolidayMaster'. (208) (SQLExecDirectW)")
INFO:     192.168.200.18:50727 - "GET /general/dashboards/software-client-count HTTP/1.1" 200 OK
INFO:     192.168.200.18:50742 - "OPTIONS /general/leave/ho-enabled HTTP/1.1" 200 OK
INFO:     192.168.200.18:50741 - "OPTIONS /general/leave/ho-options HTTP/1.1" 200 OK
INFO:     192.168.200.18:50743 - "OPTIONS /general/leave/inform-to-options HTTP/1.1" 200 OK
INFO:     192.168.200.18:50742 - "GET /general/leave/inform-to-options HTTP/1.1" 200 OK
INFO:     192.168.200.18:50741 - "GET /general/leave/ho-enabled HTTP/1.1" 200 OK
INFO:     192.168.200.18:50743 - "GET /general/leave/ho-options HTTP/1.1" 200 OK
INFO:     192.168.200.18:50799 - "GET /general/leave/inform-to-options HTTP/1.1" 200 OK
INFO:     192.168.200.18:50798 - "GET /general/leave/ho-options HTTP/1.1" 200 OK
INFO:     192.168.200.18:50797 - "GET /general/leave/ho-enabled HTTP/1.1" 200 OK
