INFO:     Will watch for changes in these directories: ['D:\\Maruti_workspace\\rspl_Api']
INFO:     Uvicorn running on http://0.0.0.0:8010 (Press CTRL+C to quit)
INFO:     Started reloader process [12704] using WatchFiles
INFO:     Started server process [11004]
INFO:     Waiting for application startup.
INFO:     Application startup complete.
INFO:     127.0.0.1:52761 - "GET /openapi.json HTTP/1.1" 200 OK
INFO:     127.0.0.1:52769 - "GET /engineering-hub/reports/testing-effort HTTP/1.1" 200 OK
INFO:     127.0.0.1:52776 - "GET /engineering-hub/products/lookup HTTP/1.1" 200 OK
INFO:     127.0.0.1:52782 - "GET /engineering-hub/modules/lookup HTTP/1.1" 200 OK
INFO:     127.0.0.1:52790 - "GET /engineering-hub/reports/testing-effort?product_id=12 HTTP/1.1" 200 OK
INFO:     127.0.0.1:52796 - "GET /engineering-hub/reports/testing-effort?product_id=999 HTTP/1.1" 200 OK
INFO:     127.0.0.1:52802 - "GET /engineering-hub/reports/testing-effort?module_id=12 HTTP/1.1" 200 OK
INFO:     127.0.0.1:52808 - "GET /engineering-hub/reports/testing-effort?feature_id=15 HTTP/1.1" 200 OK
INFO:     127.0.0.1:52814 - "GET /engineering-hub/reports/testing-effort?feature_id=9999 HTTP/1.1" 200 OK
INFO:     127.0.0.1:52823 - "GET /engineering-hub/development-items/lookup?feature_id=15 HTTP/1.1" 200 OK
INFO:     127.0.0.1:52829 - "GET /engineering-hub/tasks/lookup?dev_item_id=9 HTTP/1.1" 200 OK
INFO:     127.0.0.1:52835 - "GET /engineering-hub/reports/testing-effort?dev_item_id=9 HTTP/1.1" 200 OK
INFO:     127.0.0.1:52841 - "GET /engineering-hub/reports/testing-effort?dev_item_id=99999 HTTP/1.1" 200 OK
INFO:     127.0.0.1:52849 - "GET /engineering-hub/reports/testing-effort?task_id=12 HTTP/1.1" 200 OK
INFO:     127.0.0.1:52855 - "GET /engineering-hub/reports/testing-effort?task_id=10 HTTP/1.1" 200 OK
INFO:     127.0.0.1:52861 - "GET /engineering-hub/reports/testing-effort-detail HTTP/1.1" 200 OK
INFO:     127.0.0.1:52929 - "GET /engineering-hub/reports/engineering-effort?product_id=12 HTTP/1.1" 200 OK
INFO:     127.0.0.1:52935 - "GET /engineering-hub/reports/engineering-effort?product_id=999 HTTP/1.1" 200 OK
INFO:     127.0.0.1:52942 - "GET /engineering-hub/reports/module-effort?product_id=12 HTTP/1.1" 200 OK
INFO:     127.0.0.1:52949 - "GET /engineering-hub/reports/module-effort?product_id=999 HTTP/1.1" 200 OK
INFO:     127.0.0.1:52957 - "GET /engineering-hub/reports/pending-ageing HTTP/1.1" 200 OK
INFO:     127.0.0.1:52964 - "GET /engineering-hub/reports/pending-ageing?age_days_gt=1 HTTP/1.1" 200 OK
INFO:     127.0.0.1:52970 - "GET /engineering-hub/reports/pending-ageing?age_days_gt=5 HTTP/1.1" 200 OK
INFO:     127.0.0.1:52976 - "GET /engineering-hub/reports/pending-ageing?dev_item_id=9 HTTP/1.1" 200 OK
INFO:     127.0.0.1:52982 - "GET /engineering-hub/reports/pending-ageing?product_id=12 HTTP/1.1" 200 OK
INFO:     127.0.0.1:52988 - "GET /engineering-hub/reports/pending-ageing?product_id=999 HTTP/1.1" 200 OK
INFO:     127.0.0.1:52995 - "GET /engineering-hub/reports/support-driven-work HTTP/1.1" 200 OK
INFO:     127.0.0.1:53005 - "GET /engineering-hub/reports/support-driven-work?tt_no=183051 HTTP/1.1" 200 OK
INFO:     127.0.0.1:53011 - "GET /engineering-hub/reports/support-driven-work?tt_no=999999 HTTP/1.1" 200 OK
INFO:     127.0.0.1:53018 - "GET /engineering-hub/reports/support-driven-work?feature_id=15 HTTP/1.1" 200 OK
INFO:     127.0.0.1:53024 - "GET /engineering-hub/reports/support-driven-work?task_id=10 HTTP/1.1" 200 OK
INFO:     127.0.0.1:53030 - "GET /engineering-hub/reports/support-driven-work?user_id=25 HTTP/1.1" 200 OK
INFO:     192.168.200.18:53163 - "OPTIONS /engineering-hub/products/lookup HTTP/1.1" 200 OK
INFO:     192.168.200.18:53162 - "OPTIONS /engineering-hub/reports/engineering-effort HTTP/1.1" 200 OK
INFO:     192.168.200.18:53162 - "GET /engineering-hub/products/lookup HTTP/1.1" 200 OK
INFO:     192.168.200.18:53163 - "GET /engineering-hub/reports/engineering-effort HTTP/1.1" 200 OK
INFO:     192.168.200.18:53168 - "OPTIONS /engineering-hub/modules/lookup?product_id=12 HTTP/1.1" 200 OK
INFO:     192.168.200.18:53167 - "OPTIONS /engineering-hub/reports/engineering-effort?product_id=12 HTTP/1.1" 200 OK
INFO:     192.168.200.18:53167 - "GET /engineering-hub/reports/engineering-effort?product_id=12 HTTP/1.1" 200 OK
INFO:     192.168.200.18:53168 - "GET /engineering-hub/modules/lookup?product_id=12 HTTP/1.1" 200 OK
INFO:     192.168.200.18:53168 - "OPTIONS /engineering-hub/reports/engineering-effort?product_id=12&module_id=14 HTTP/1.1" 200 OK
INFO:     192.168.200.18:53168 - "GET /engineering-hub/reports/engineering-effort?product_id=12&module_id=14 HTTP/1.1" 200 OK
INFO:     192.168.200.18:53168 - "OPTIONS /engineering-hub/reports/engineering-effort?product_id=12&module_id=13 HTTP/1.1" 200 OK
INFO:     192.168.200.18:53168 - "GET /engineering-hub/reports/engineering-effort?product_id=12&module_id=13 HTTP/1.1" 200 OK
INFO:     192.168.200.18:53168 - "OPTIONS /engineering-hub/reports/engineering-effort?product_id=12&module_id=12 HTTP/1.1" 200 OK
INFO:     192.168.200.18:53168 - "GET /engineering-hub/reports/engineering-effort?product_id=12&module_id=12 HTTP/1.1" 200 OK
INFO:     192.168.200.18:53172 - "OPTIONS /engineering-hub/reports/module-effort HTTP/1.1" 200 OK
INFO:     192.168.200.18:53172 - "GET /engineering-hub/products/lookup HTTP/1.1" 200 OK
INFO:     192.168.200.18:53173 - "GET /engineering-hub/reports/module-effort HTTP/1.1" 200 OK
INFO:     192.168.200.18:53173 - "OPTIONS /engineering-hub/reports/module-effort?product_id=12 HTTP/1.1" 200 OK
INFO:     192.168.200.18:53173 - "GET /engineering-hub/reports/module-effort?product_id=12 HTTP/1.1" 200 OK
INFO:     192.168.200.18:53177 - "OPTIONS /engineering-hub/reports/feature-effort HTTP/1.1" 200 OK
INFO:     192.168.200.18:53177 - "GET /engineering-hub/reports/feature-effort HTTP/1.1" 200 OK
INFO:     192.168.200.18:53181 - "OPTIONS /engineering-hub/reports/interruptions HTTP/1.1" 200 OK
INFO:     192.168.200.18:53181 - "GET /engineering-hub/reports/interruptions HTTP/1.1" 200 OK
INFO:     192.168.200.18:53182 - "OPTIONS /engineering-hub/reports/testing-effort HTTP/1.1" 200 OK
INFO:     192.168.200.18:53181 - "GET /engineering-hub/products/lookup HTTP/1.1" 200 OK
INFO:     192.168.200.18:53182 - "GET /engineering-hub/reports/testing-effort HTTP/1.1" 200 OK
INFO:     192.168.200.18:53204 - "GET /engineering-hub/reports/feature-effort HTTP/1.1" 200 OK
INFO:     192.168.200.18:53296 - "OPTIONS /engineering-hub/reports/testing-effort-detail HTTP/1.1" 200 OK
INFO:     192.168.200.18:53296 - "GET /engineering-hub/reports/testing-effort-detail HTTP/1.1" 200 OK
INFO:     192.168.200.18:53297 - "GET /engineering-hub/products/lookup HTTP/1.1" 200 OK
INFO:     192.168.200.18:53297 - "GET /engineering-hub/products/lookup HTTP/1.1" 200 OK
INFO:     192.168.200.18:53296 - "GET /engineering-hub/reports/testing-effort-detail HTTP/1.1" 200 OK
INFO:     192.168.200.18:53296 - "GET /engineering-hub/products/lookup HTTP/1.1" 200 OK
INFO:     192.168.200.18:53297 - "GET /engineering-hub/reports/testing-effort HTTP/1.1" 200 OK
INFO:     127.0.0.1:53653 - "GET /engineering-hub/reports/testing-effort?product_id=12&module_id=12&feature_id=15 HTTP/1.1" 200 OK
INFO:     127.0.0.1:53659 - "GET /engineering-hub/reports/testing-effort?product_id=12&feature_id=9999 HTTP/1.1" 200 OK
INFO:     127.0.0.1:53665 - "GET /engineering-hub/reports/support-driven-work?product_id=12&tt_no=183051 HTTP/1.1" 200 OK
INFO:     127.0.0.1:53673 - "GET /engineering-hub/reports/pending-ageing?product_id=12&age_days_gt=1&feature_id=15 HTTP/1.1" 200 OK
INFO:     192.168.200.18:53686 - "GET /engineering-hub/products/lookup HTTP/1.1" 200 OK
INFO:     192.168.200.18:53685 - "GET /engineering-hub/reports/testing-effort-detail HTTP/1.1" 200 OK
INFO:     192.168.200.18:53688 - "GET /engineering-hub/products/lookup HTTP/1.1" 200 OK
INFO:     192.168.200.18:53689 - "GET /engineering-hub/reports/testing-effort-detail HTTP/1.1" 200 OK
WARNING:  WatchFiles detected changes in 'app\routers\enghub_reports.py'. Reloading...
 INFO:     192.168.200.18:53706 - "OPTIONS /auth/login HTTP/1.1" 200 OK
INFO:     192.168.200.18:53706 - "POST /auth/login HTTP/1.1" 200 OK
INFO:     192.168.200.18:53706 - "OPTIONS /user-rights/me HTTP/1.1" 200 OK
INFO:     192.168.200.18:53709 - "OPTIONS /user-rights/me HTTP/1.1" 200 OK
INFO:     192.168.200.18:53706 - "OPTIONS /general/dashboards/software-client-count HTTP/1.1" 200 OK
INFO:     192.168.200.18:53711 - "OPTIONS /general/dashboards/holiday-list-title HTTP/1.1" 200 OK
INFO:     192.168.200.18:53710 - "OPTIONS /general/dashboards/holiday-list HTTP/1.1" 200 OK
INFO:     192.168.200.18:53710 - "GET /general/dashboards/holiday-list HTTP/1.1" 500 Internal Server Error
ERROR:    Exception in ASGI application
Traceback (most recent call last):
  File "C:\Users\Navnath\AppData\Local\Python\pythoncore-3.14-64\Lib\site-packages\uvicorn\protocols\http\httptools_impl.py", line 409, in run_asgi
    result = await app(  # type: ignore[func-returns-value]
             ^^^^^^^^^^^^^^^^^^^^^^^^^^^^^^^^^^^^^^^^^^^^^^
        self.scope, self.receive, self.send
        ^^^^^^^^^^^^^^^^^^^^^^^^^^^^^^^^^^^
    )
    ^
  File "C:\Users\Navnath\AppData\Local\Python\pythoncore-3.14-64\Lib\site-packages\uvicorn\middleware\proxy_headers.py", line 60, in __call__
    return await self.app(scope, receive, send)
           ^^^^^^^^^^^^^^^^^^^^^^^^^^^^^^^^^^^^
  File "C:\Users\Navnath\AppData\Local\Python\pythoncore-3.14-64\Lib\site-packages\fastapi\applications.py", line 1054, in __call__
    await super().__call__(scope, receive, send)
  File "C:\Users\Navnath\AppData\Local\Python\pythoncore-3.14-64\Lib\site-packages\starlette\applications.py", line 112, in __call__
    await self.middleware_stack(scope, receive, send)
  File "C:\Users\Navnath\AppData\Local\Python\pythoncore-3.14-64\Lib\site-packages\starlette\middleware\errors.py", line 187, in __call__
    raise exc
  File "C:\Users\Navnath\AppData\Local\Python\pythoncore-3.14-64\Lib\site-packages\starlette\middleware\errors.py", line 165, in __call__
    await self.app(scope, receive, _send)
  File "C:\Users\Navnath\AppData\Local\Python\pythoncore-3.14-64\Lib\site-packages\starlette\middleware\cors.py", line 93, in __call__
    await self.simple_response(scope, receive, send, request_headers=headers)
  File "C:\Users\Navnath\AppData\Local\Python\pythoncore-3.14-64\Lib\site-packages\starlette\middleware\cors.py", line 144, in simple_response
    await self.app(scope, receive, send)
  File "C:\Users\Navnath\AppData\Local\Python\pythoncore-3.14-64\Lib\site-packages\starlette\middleware\exceptions.py", line 62, in __call__
    await wrap_app_handling_exceptions(self.app, conn)(scope, receive, send)
  File "C:\Users\Navnath\AppData\Local\Python\pythoncore-3.14-64\Lib\site-packages\starlette\_exception_handler.py", line 53, in wrapped_app
    raise exc
  File "C:\Users\Navnath\AppData\Local\Python\pythoncore-3.14-64\Lib\site-packages\starlette\_exception_handler.py", line 42, in wrapped_app
    await app(scope, receive, sender)
  File "C:\Users\Navnath\AppData\Local\Python\pythoncore-3.14-64\Lib\site-packages\starlette\routing.py", line 714, in __call__
    await self.middleware_stack(scope, receive, send)
  File "C:\Users\Navnath\AppData\Local\Python\pythoncore-3.14-64\Lib\site-packages\starlette\routing.py", line 734, in app
    await route.handle(scope, receive, send)
  File "C:\Users\Navnath\AppData\Local\Python\pythoncore-3.14-64\Lib\site-packages\starlette\routing.py", line 288, in handle
    await self.app(scope, receive, send)
  File "C:\Users\Navnath\AppData\Local\Python\pythoncore-3.14-64\Lib\site-packages\starlette\routing.py", line 76, in app
    await wrap_app_handling_exceptions(app, request)(scope, receive, send)
  File "C:\Users\Navnath\AppData\Local\Python\pythoncore-3.14-64\Lib\site-packages\starlette\_exception_handler.py", line 53, in wrapped_app
    raise exc
  File "C:\Users\Navnath\AppData\Local\Python\pythoncore-3.14-64\Lib\site-packages\starlette\_exception_handler.py", line 42, in wrapped_app
    await app(scope, receive, sender)
  File "C:\Users\Navnath\AppData\Local\Python\pythoncore-3.14-64\Lib\site-packages\starlette\routing.py", line 73, in app
    response = await f(request)
               ^^^^^^^^^^^^^^^^
  File "C:\Users\Navnath\AppData\Local\Python\pythoncore-3.14-64\Lib\site-packages\fastapi\routing.py", line 301, in app
    raw_response = await run_endpoint_function(
                   ^^^^^^^^^^^^^^^^^^^^^^^^^^^^
    ...<3 lines>...
    )
    ^
  File "C:\Users\Navnath\AppData\Local\Python\pythoncore-3.14-64\Lib\site-packages\fastapi\routing.py", line 214, in run_endpoint_function
    return await run_in_threadpool(dependant.call, **values)
           ^^^^^^^^^^^^^^^^^^^^^^^^^^^^^^^^^^^^^^^^^^^^^^^^^
  File "C:\Users\Navnath\AppData\Local\Python\pythoncore-3.14-64\Lib\site-packages\starlette\concurrency.py", line 37, in run_in_threadpool
    return await anyio.to_thread.run_sync(func)
           ^^^^^^^^^^^^^^^^^^^^^^^^^^^^^^^^^^^^
  File "C:\Users\Navnath\AppData\Local\Python\pythoncore-3.14-64\Lib\site-packages\anyio\to_thread.py", line 63, in run_sync
    return await get_async_backend().run_sync_in_worker_thread(
           ^^^^^^^^^^^^^^^^^^^^^^^^^^^^^^^^^^^^^^^^^^^^^^^^^^^^
        func, args, abandon_on_cancel=abandon_on_cancel, limiter=limiter
        ^^^^^^^^^^^^^^^^^^^^^^^^^^^^^^^^^^^^^^^^^^^^^^^^^^^^^^^^^^^^^^^^
    )
    ^
  File "C:\Users\Navnath\AppData\Local\Python\pythoncore-3.14-64\Lib\site-packages\anyio\_backends\_asyncio.py", line 2518, in run_sync_in_worker_thread
    return await future
           ^^^^^^^^^^^^
  File "C:\Users\Navnath\AppData\Local\Python\pythoncore-3.14-64\Lib\site-packages\anyio\_backends\_asyncio.py", line 1002, in run
    result = context.run(func, *args)
  File "D:\Maruti_workspace\rspl_Api\app\routers\general_dashboards.py", line 122, in get_holiday_list
    cursor.execute(
    ~~~~~~~~~~~~~~^
        "SELECT HolidayDate, ToDate, Day, Event FROM RSPL_HolidayMaster WHERE Enabled = 1 ORDER BY HolidayDate"
        ^^^^^^^^^^^^^^^^^^^^^^^^^^^^^^^^^^^^^^^^^^^^^^^^^^^^^^^^^^^^^^^^^^^^^^^^^^^^^^^^^^^^^^^^^^^^^^^^^^^^^^^
    )
    ^
pyodbc.ProgrammingError: ('42S02', "[42S02] [Microsoft][ODBC Driver 17 for SQL Server][SQL Server]Invalid object name 'RSPL_HolidayMaster'. (208) (SQLExecDirectW)")
INFO:     192.168.200.18:53709 - "GET /user-rights/me HTTP/1.1" 500 Internal Server Error
ERROR:    Exception in ASGI application
Traceback (most recent call last):
  File "C:\Users\Navnath\AppData\Local\Python\pythoncore-3.14-64\Lib\site-packages\uvicorn\protocols\http\httptools_impl.py", line 409, in run_asgi
    result = await app(  # type: ignore[func-returns-value]
             ^^^^^^^^^^^^^^^^^^^^^^^^^^^^^^^^^^^^^^^^^^^^^^
        self.scope, self.receive, self.send
        ^^^^^^^^^^^^^^^^^^^^^^^^^^^^^^^^^^^
    )
    ^
  File "C:\Users\Navnath\AppData\Local\Python\pythoncore-3.14-64\Lib\site-packages\uvicorn\middleware\proxy_headers.py", line 60, in __call__
    return await self.app(scope, receive, send)
           ^^^^^^^^^^^^^^^^^^^^^^^^^^^^^^^^^^^^
  File "C:\Users\Navnath\AppData\Local\Python\pythoncore-3.14-64\Lib\site-packages\fastapi\applications.py", line 1054, in __call__
    await super().__call__(scope, receive, send)
  File "C:\Users\Navnath\AppData\Local\Python\pythoncore-3.14-64\Lib\site-packages\starlette\applications.py", line 112, in __call__
    await self.middleware_stack(scope, receive, send)
  File "C:\Users\Navnath\AppData\Local\Python\pythoncore-3.14-64\Lib\site-packages\starlette\middleware\errors.py", line 187, in __call__
    raise exc
  File "C:\Users\Navnath\AppData\Local\Python\pythoncore-3.14-64\Lib\site-packages\starlette\middleware\errors.py", line 165, in __call__
    await self.app(scope, receive, _send)
  File "C:\Users\Navnath\AppData\Local\Python\pythoncore-3.14-64\Lib\site-packages\starlette\middleware\cors.py", line 93, in __call__
    await self.simple_response(scope, receive, send, request_headers=headers)
  File "C:\Users\Navnath\AppData\Local\Python\pythoncore-3.14-64\Lib\site-packages\starlette\middleware\cors.py", line 144, in simple_response
    await self.app(scope, receive, send)
  File "C:\Users\Navnath\AppData\Local\Python\pythoncore-3.14-64\Lib\site-packages\starlette\middleware\exceptions.py", line 62, in __call__
    await wrap_app_handling_exceptions(self.app, conn)(scope, receive, send)
  File "C:\Users\Navnath\AppData\Local\Python\pythoncore-3.14-64\Lib\site-packages\starlette\_exception_handler.py", line 53, in wrapped_app
    raise exc
  File "C:\Users\Navnath\AppData\Local\Python\pythoncore-3.14-64\Lib\site-packages\starlette\_exception_handler.py", line 42, in wrapped_app
    await app(scope, receive, sender)
  File "C:\Users\Navnath\AppData\Local\Python\pythoncore-3.14-64\Lib\site-packages\starlette\routing.py", line 714, in __call__
    await self.middleware_stack(scope, receive, send)
  File "C:\Users\Navnath\AppData\Local\Python\pythoncore-3.14-64\Lib\site-packages\starlette\routing.py", line 734, in app
    await route.handle(scope, receive, send)
  File "C:\Users\Navnath\AppData\Local\Python\pythoncore-3.14-64\Lib\site-packages\starlette\routing.py", line 288, in handle
    await self.app(scope, receive, send)
  File "C:\Users\Navnath\AppData\Local\Python\pythoncore-3.14-64\Lib\site-packages\starlette\routing.py", line 76, in app
    await wrap_app_handling_exceptions(app, request)(scope, receive, send)
  File "C:\Users\Navnath\AppData\Local\Python\pythoncore-3.14-64\Lib\site-packages\starlette\_exception_handler.py", line 53, in wrapped_app
    raise exc
  File "C:\Users\Navnath\AppData\Local\Python\pythoncore-3.14-64\Lib\site-packages\starlette\_exception_handler.py", line 42, in wrapped_app
    await app(scope, receive, sender)
  File "C:\Users\Navnath\AppData\Local\Python\pythoncore-3.14-64\Lib\site-packages\starlette\routing.py", line 73, in app
    response = await f(request)
               ^^^^^^^^^^^^^^^^
  File "C:\Users\Navnath\AppData\Local\Python\pythoncore-3.14-64\Lib\site-packages\fastapi\routing.py", line 301, in app
    raw_response = await run_endpoint_function(
                   ^^^^^^^^^^^^^^^^^^^^^^^^^^^^
    ...<3 lines>...
    )
    ^
  File "C:\Users\Navnath\AppData\Local\Python\pythoncore-3.14-64\Lib\site-packages\fastapi\routing.py", line 214, in run_endpoint_function
    return await run_in_threadpool(dependant.call, **values)
           ^^^^^^^^^^^^^^^^^^^^^^^^^^^^^^^^^^^^^^^^^^^^^^^^^
  File "C:\Users\Navnath\AppData\Local\Python\pythoncore-3.14-64\Lib\site-packages\starlette\concurrency.py", line 37, in run_in_threadpool
    return await anyio.to_thread.run_sync(func)
           ^^^^^^^^^^^^^^^^^^^^^^^^^^^^^^^^^^^^
  File "C:\Users\Navnath\AppData\Local\Python\pythoncore-3.14-64\Lib\site-packages\anyio\to_thread.py", line 63, in run_sync
    return await get_async_backend().run_sync_in_worker_thread(
           ^^^^^^^^^^^^^^^^^^^^^^^^^^^^^^^^^^^^^^^^^^^^^^^^^^^^
        func, args, abandon_on_cancel=abandon_on_cancel, limiter=limiter
        ^^^^^^^^^^^^^^^^^^^^^^^^^^^^^^^^^^^^^^^^^^^^^^^^^^^^^^^^^^^^^^^^
    )
    ^
  File "C:\Users\Navnath\AppData\Local\Python\pythoncore-3.14-64\Lib\site-packages\anyio\_backends\_asyncio.py", line 2518, in run_sync_in_worker_thread
    return await future
           ^^^^^^^^^^^^
  File "C:\Users\Navnath\AppData\Local\Python\pythoncore-3.14-64\Lib\site-packages\anyio\_backends\_asyncio.py", line 1002, in run
    result = context.run(func, *args)
  File "D:\Maruti_workspace\rspl_Api\app\routers\user_rights.py", line 27, in get_my_rights
    return MyRightsResponse(forms={code: get_effective_access(current_user.user_id, code) for code in FORM_LABELS})
                                         ~~~~~~~~~~~~~~~~~~~~^^^^^^^^^^^^^^^^^^^^^^^^^^^^
  File "D:\Maruti_workspace\rspl_Api\app\rights.py", line 66, in get_effective_access
    cursor.execute(
    ~~~~~~~~~~~~~~^
        "SELECT AccessLevel FROM RSPL_UserFormRights WHERE UserId = ? AND FormCode = ?",
        ^^^^^^^^^^^^^^^^^^^^^^^^^^^^^^^^^^^^^^^^^^^^^^^^^^^^^^^^^^^^^^^^^^^^^^^^^^^^^^^^
        user_id, form_code,
        ^^^^^^^^^^^^^^^^^^^
    )
    ^
pyodbc.ProgrammingError: ('42S02', "[42S02] [Microsoft][ODBC Driver 17 for SQL Server][SQL Server]Invalid object name 'RSPL_UserFormRights'. (208) (SQLExecDirectW); [42S02] [Microsoft][ODBC Driver 17 for SQL Server][SQL Server]Statement(s) could not be prepared. (8180)")
INFO:     192.168.200.18:53706 - "GET /general/dashboards/holiday-list-title HTTP/1.1" 500 Internal Server Error
ERROR:    Exception in ASGI application
Traceback (most recent call last):
  File "C:\Users\Navnath\AppData\Local\Python\pythoncore-3.14-64\Lib\site-packages\uvicorn\protocols\http\httptools_impl.py", line 409, in run_asgi
    result = await app(  # type: ignore[func-returns-value]
             ^^^^^^^^^^^^^^^^^^^^^^^^^^^^^^^^^^^^^^^^^^^^^^
        self.scope, self.receive, self.send
        ^^^^^^^^^^^^^^^^^^^^^^^^^^^^^^^^^^^
    )
    ^
  File "C:\Users\Navnath\AppData\Local\Python\pythoncore-3.14-64\Lib\site-packages\uvicorn\middleware\proxy_headers.py", line 60, in __call__
    return await self.app(scope, receive, send)
           ^^^^^^^^^^^^^^^^^^^^^^^^^^^^^^^^^^^^
  File "C:\Users\Navnath\AppData\Local\Python\pythoncore-3.14-64\Lib\site-packages\fastapi\applications.py", line 1054, in __call__
    await super().__call__(scope, receive, send)
  File "C:\Users\Navnath\AppData\Local\Python\pythoncore-3.14-64\Lib\site-packages\starlette\applications.py", line 112, in __call__
    await self.middleware_stack(scope, receive, send)
  File "C:\Users\Navnath\AppData\Local\Python\pythoncore-3.14-64\Lib\site-packages\starlette\middleware\errors.py", line 187, in __call__
    raise exc
  File "C:\Users\Navnath\AppData\Local\Python\pythoncore-3.14-64\Lib\site-packages\starlette\middleware\errors.py", line 165, in __call__
    await self.app(scope, receive, _send)
  File "C:\Users\Navnath\AppData\Local\Python\pythoncore-3.14-64\Lib\site-packages\starlette\middleware\cors.py", line 93, in __call__
    await self.simple_response(scope, receive, send, request_headers=headers)
  File "C:\Users\Navnath\AppData\Local\Python\pythoncore-3.14-64\Lib\site-packages\starlette\middleware\cors.py", line 144, in simple_response
    await self.app(scope, receive, send)
  File "C:\Users\Navnath\AppData\Local\Python\pythoncore-3.14-64\Lib\site-packages\starlette\middleware\exceptions.py", line 62, in __call__
    await wrap_app_handling_exceptions(self.app, conn)(scope, receive, send)
  File "C:\Users\Navnath\AppData\Local\Python\pythoncore-3.14-64\Lib\site-packages\starlette\_exception_handler.py", line 53, in wrapped_app
    raise exc
  File "C:\Users\Navnath\AppData\Local\Python\pythoncore-3.14-64\Lib\site-packages\starlette\_exception_handler.py", line 42, in wrapped_app
    await app(scope, receive, sender)
  File "C:\Users\Navnath\AppData\Local\Python\pythoncore-3.14-64\Lib\site-packages\starlette\routing.py", line 714, in __call__
    await self.middleware_stack(scope, receive, send)
  File "C:\Users\Navnath\AppData\Local\Python\pythoncore-3.14-64\Lib\site-packages\starlette\routing.py", line 734, in app
    await route.handle(scope, receive, send)
  File "C:\Users\Navnath\AppData\Local\Python\pythoncore-3.14-64\Lib\site-packages\starlette\routing.py", line 288, in handle
    await self.app(scope, receive, send)
  File "C:\Users\Navnath\AppData\Local\Python\pythoncore-3.14-64\Lib\site-packages\starlette\routing.py", line 76, in app
    await wrap_app_handling_exceptions(app, request)(scope, receive, send)
  File "C:\Users\Navnath\AppData\Local\Python\pythoncore-3.14-64\Lib\site-packages\starlette\_exception_handler.py", line 53, in wrapped_app
    raise exc
  File "C:\Users\Navnath\AppData\Local\Python\pythoncore-3.14-64\Lib\site-packages\starlette\_exception_handler.py", line 42, in wrapped_app
    await app(scope, receive, sender)
  File "C:\Users\Navnath\AppData\Local\Python\pythoncore-3.14-64\Lib\site-packages\starlette\routing.py", line 73, in app
    response = await f(request)
               ^^^^^^^^^^^^^^^^
  File "C:\Users\Navnath\AppData\Local\Python\pythoncore-3.14-64\Lib\site-packages\fastapi\routing.py", line 301, in app
    raw_response = await run_endpoint_function(
                   ^^^^^^^^^^^^^^^^^^^^^^^^^^^^
    ...<3 lines>...
    )
    ^
  File "C:\Users\Navnath\AppData\Local\Python\pythoncore-3.14-64\Lib\site-packages\fastapi\routing.py", line 214, in run_endpoint_function
    return await run_in_threadpool(dependant.call, **values)
           ^^^^^^^^^^^^^^^^^^^^^^^^^^^^^^^^^^^^^^^^^^^^^^^^^
  File "C:\Users\Navnath\AppData\Local\Python\pythoncore-3.14-64\Lib\site-packages\starlette\concurrency.py", line 37, in run_in_threadpool
    return await anyio.to_thread.run_sync(func)
           ^^^^^^^^^^^^^^^^^^^^^^^^^^^^^^^^^^^^
  File "C:\Users\Navnath\AppData\Local\Python\pythoncore-3.14-64\Lib\site-packages\anyio\to_thread.py", line 63, in run_sync
    return await get_async_backend().run_sync_in_worker_thread(
           ^^^^^^^^^^^^^^^^^^^^^^^^^^^^^^^^^^^^^^^^^^^^^^^^^^^^
        func, args, abandon_on_cancel=abandon_on_cancel, limiter=limiter
        ^^^^^^^^^^^^^^^^^^^^^^^^^^^^^^^^^^^^^^^^^^^^^^^^^^^^^^^^^^^^^^^^
    )
    ^
  File "C:\Users\Navnath\AppData\Local\Python\pythoncore-3.14-64\Lib\site-packages\anyio\_backends\_asyncio.py", line 2518, in run_sync_in_worker_thread
    return await future
           ^^^^^^^^^^^^
  File "C:\Users\Navnath\AppData\Local\Python\pythoncore-3.14-64\Lib\site-packages\anyio\_backends\_asyncio.py", line 1002, in run
    result = context.run(func, *args)
  File "D:\Maruti_workspace\rspl_Api\app\routers\general_dashboards.py", line 144, in get_holiday_list_title
    cursor.execute("SELECT Name FROM RSPL_HolidayMasterSettings WHERE Id = 1")
    ~~~~~~~~~~~~~~^^^^^^^^^^^^^^^^^^^^^^^^^^^^^^^^^^^^^^^^^^^^^^^^^^^^^^^^^^^^
pyodbc.ProgrammingError: ('42S02', "[42S02] [Microsoft][ODBC Driver 17 for SQL Server][SQL Server]Invalid object name 'RSPL_HolidayMasterSettings'. (208) (SQLExecDirectW)")
INFO:     192.168.200.18:53711 - "GET /general/dashboards/software-client-count HTTP/1.1" 200 OK
INFO:     192.168.200.18:53713 - "GET /user-rights/me HTTP/1.1" 500 Internal Server Error
ERROR:    Exception in ASGI application
Traceback (most recent call last):
  File "C:\Users\Navnath\AppData\Local\Python\pythoncore-3.14-64\Lib\site-packages\uvicorn\protocols\http\httptools_impl.py", line 409, in run_asgi
    result = await app(  # type: ignore[func-returns-value]
             ^^^^^^^^^^^^^^^^^^^^^^^^^^^^^^^^^^^^^^^^^^^^^^
        self.scope, self.receive, self.send
        ^^^^^^^^^^^^^^^^^^^^^^^^^^^^^^^^^^^
    )
    ^
  File "C:\Users\Navnath\AppData\Local\Python\pythoncore-3.14-64\Lib\site-packages\uvicorn\middleware\proxy_headers.py", line 60, in __call__
    return await self.app(scope, receive, send)
           ^^^^^^^^^^^^^^^^^^^^^^^^^^^^^^^^^^^^
  File "C:\Users\Navnath\AppData\Local\Python\pythoncore-3.14-64\Lib\site-packages\fastapi\applications.py", line 1054, in __call__
    await super().__call__(scope, receive, send)
  File "C:\Users\Navnath\AppData\Local\Python\pythoncore-3.14-64\Lib\site-packages\starlette\applications.py", line 112, in __call__
    await self.middleware_stack(scope, receive, send)
  File "C:\Users\Navnath\AppData\Local\Python\pythoncore-3.14-64\Lib\site-packages\starlette\middleware\errors.py", line 187, in __call__
    raise exc
  File "C:\Users\Navnath\AppData\Local\Python\pythoncore-3.14-64\Lib\site-packages\starlette\middleware\errors.py", line 165, in __call__
    await self.app(scope, receive, _send)
  File "C:\Users\Navnath\AppData\Local\Python\pythoncore-3.14-64\Lib\site-packages\starlette\middleware\cors.py", line 93, in __call__
    await self.simple_response(scope, receive, send, request_headers=headers)
  File "C:\Users\Navnath\AppData\Local\Python\pythoncore-3.14-64\Lib\site-packages\starlette\middleware\cors.py", line 144, in simple_response
    await self.app(scope, receive, send)
  File "C:\Users\Navnath\AppData\Local\Python\pythoncore-3.14-64\Lib\site-packages\starlette\middleware\exceptions.py", line 62, in __call__
    await wrap_app_handling_exceptions(self.app, conn)(scope, receive, send)
  File "C:\Users\Navnath\AppData\Local\Python\pythoncore-3.14-64\Lib\site-packages\starlette\_exception_handler.py", line 53, in wrapped_app
    raise exc
  File "C:\Users\Navnath\AppData\Local\Python\pythoncore-3.14-64\Lib\site-packages\starlette\_exception_handler.py", line 42, in wrapped_app
    await app(scope, receive, sender)
  File "C:\Users\Navnath\AppData\Local\Python\pythoncore-3.14-64\Lib\site-packages\starlette\routing.py", line 714, in __call__
    await self.middleware_stack(scope, receive, send)
  File "C:\Users\Navnath\AppData\Local\Python\pythoncore-3.14-64\Lib\site-packages\starlette\routing.py", line 734, in app
    await route.handle(scope, receive, send)
  File "C:\Users\Navnath\AppData\Local\Python\pythoncore-3.14-64\Lib\site-packages\starlette\routing.py", line 288, in handle
    await self.app(scope, receive, send)
  File "C:\Users\Navnath\AppData\Local\Python\pythoncore-3.14-64\Lib\site-packages\starlette\routing.py", line 76, in app
    await wrap_app_handling_exceptions(app, request)(scope, receive, send)
  File "C:\Users\Navnath\AppData\Local\Python\pythoncore-3.14-64\Lib\site-packages\starlette\_exception_handler.py", line 53, in wrapped_app
    raise exc
  File "C:\Users\Navnath\AppData\Local\Python\pythoncore-3.14-64\Lib\site-packages\starlette\_exception_handler.py", line 42, in wrapped_app
    await app(scope, receive, sender)
  File "C:\Users\Navnath\AppData\Local\Python\pythoncore-3.14-64\Lib\site-packages\starlette\routing.py", line 73, in app
    response = await f(request)
               ^^^^^^^^^^^^^^^^
  File "C:\Users\Navnath\AppData\Local\Python\pythoncore-3.14-64\Lib\site-packages\fastapi\routing.py", line 301, in app
    raw_response = await run_endpoint_function(
                   ^^^^^^^^^^^^^^^^^^^^^^^^^^^^
    ...<3 lines>...
    )
    ^
  File "C:\Users\Navnath\AppData\Local\Python\pythoncore-3.14-64\Lib\site-packages\fastapi\routing.py", line 214, in run_endpoint_function
    return await run_in_threadpool(dependant.call, **values)
           ^^^^^^^^^^^^^^^^^^^^^^^^^^^^^^^^^^^^^^^^^^^^^^^^^
  File "C:\Users\Navnath\AppData\Local\Python\pythoncore-3.14-64\Lib\site-packages\starlette\concurrency.py", line 37, in run_in_threadpool
    return await anyio.to_thread.run_sync(func)
           ^^^^^^^^^^^^^^^^^^^^^^^^^^^^^^^^^^^^
  File "C:\Users\Navnath\AppData\Local\Python\pythoncore-3.14-64\Lib\site-packages\anyio\to_thread.py", line 63, in run_sync
    return await get_async_backend().run_sync_in_worker_thread(
           ^^^^^^^^^^^^^^^^^^^^^^^^^^^^^^^^^^^^^^^^^^^^^^^^^^^^
        func, args, abandon_on_cancel=abandon_on_cancel, limiter=limiter
        ^^^^^^^^^^^^^^^^^^^^^^^^^^^^^^^^^^^^^^^^^^^^^^^^^^^^^^^^^^^^^^^^
    )
    ^
  File "C:\Users\Navnath\AppData\Local\Python\pythoncore-3.14-64\Lib\site-packages\anyio\_backends\_asyncio.py", line 2518, in run_sync_in_worker_thread
    return await future
           ^^^^^^^^^^^^
  File "C:\Users\Navnath\AppData\Local\Python\pythoncore-3.14-64\Lib\site-packages\anyio\_backends\_asyncio.py", line 1002, in run
    result = context.run(func, *args)
  File "D:\Maruti_workspace\rspl_Api\app\routers\user_rights.py", line 27, in get_my_rights
    return MyRightsResponse(forms={code: get_effective_access(current_user.user_id, code) for code in FORM_LABELS})
                                         ~~~~~~~~~~~~~~~~~~~~^^^^^^^^^^^^^^^^^^^^^^^^^^^^
  File "D:\Maruti_workspace\rspl_Api\app\rights.py", line 66, in get_effective_access
    cursor.execute(
    ~~~~~~~~~~~~~~^
        "SELECT AccessLevel FROM RSPL_UserFormRights WHERE UserId = ? AND FormCode = ?",
        ^^^^^^^^^^^^^^^^^^^^^^^^^^^^^^^^^^^^^^^^^^^^^^^^^^^^^^^^^^^^^^^^^^^^^^^^^^^^^^^^
        user_id, form_code,
        ^^^^^^^^^^^^^^^^^^^
    )
    ^
pyodbc.ProgrammingError: ('42S02', "[42S02] [Microsoft][ODBC Driver 17 for SQL Server][SQL Server]Invalid object name 'RSPL_UserFormRights'. (208) (SQLExecDirectW); [42S02] [Microsoft][ODBC Driver 17 for SQL Server][SQL Server]Statement(s) could not be prepared. (8180)")
INFO:     192.168.200.18:53714 - "OPTIONS /engineering-hub/products/lookup HTTP/1.1" 200 OK
INFO:     192.168.200.18:53715 - "OPTIONS /engineering-hub/users HTTP/1.1" 200 OK
INFO:     192.168.200.18:53716 - "OPTIONS /engineering-hub/features?include_disabled=false HTTP/1.1" 200 OK
INFO:     192.168.200.18:53711 - "GET /user-rights/me HTTP/1.1" 500 Internal Server Error
ERROR:    Exception in ASGI application
Traceback (most recent call last):
  File "C:\Users\Navnath\AppData\Local\Python\pythoncore-3.14-64\Lib\site-packages\uvicorn\protocols\http\httptools_impl.py", line 409, in run_asgi
    result = await app(  # type: ignore[func-returns-value]
             ^^^^^^^^^^^^^^^^^^^^^^^^^^^^^^^^^^^^^^^^^^^^^^
        self.scope, self.receive, self.send
        ^^^^^^^^^^^^^^^^^^^^^^^^^^^^^^^^^^^
    )
    ^
  File "C:\Users\Navnath\AppData\Local\Python\pythoncore-3.14-64\Lib\site-packages\uvicorn\middleware\proxy_headers.py", line 60, in __call__
    return await self.app(scope, receive, send)
           ^^^^^^^^^^^^^^^^^^^^^^^^^^^^^^^^^^^^
  File "C:\Users\Navnath\AppData\Local\Python\pythoncore-3.14-64\Lib\site-packages\fastapi\applications.py", line 1054, in __call__
    await super().__call__(scope, receive, send)
  File "C:\Users\Navnath\AppData\Local\Python\pythoncore-3.14-64\Lib\site-packages\starlette\applications.py", line 112, in __call__
    await self.middleware_stack(scope, receive, send)
  File "C:\Users\Navnath\AppData\Local\Python\pythoncore-3.14-64\Lib\site-packages\starlette\middleware\errors.py", line 187, in __call__
    raise exc
  File "C:\Users\Navnath\AppData\Local\Python\pythoncore-3.14-64\Lib\site-packages\starlette\middleware\errors.py", line 165, in __call__
    await self.app(scope, receive, _send)
  File "C:\Users\Navnath\AppData\Local\Python\pythoncore-3.14-64\Lib\site-packages\starlette\middleware\cors.py", line 93, in __call__
    await self.simple_response(scope, receive, send, request_headers=headers)
  File "C:\Users\Navnath\AppData\Local\Python\pythoncore-3.14-64\Lib\site-packages\starlette\middleware\cors.py", line 144, in simple_response
    await self.app(scope, receive, send)
  File "C:\Users\Navnath\AppData\Local\Python\pythoncore-3.14-64\Lib\site-packages\starlette\middleware\exceptions.py", line 62, in __call__
    await wrap_app_handling_exceptions(self.app, conn)(scope, receive, send)
  File "C:\Users\Navnath\AppData\Local\Python\pythoncore-3.14-64\Lib\site-packages\starlette\_exception_handler.py", line 53, in wrapped_app
    raise exc
  File "C:\Users\Navnath\AppData\Local\Python\pythoncore-3.14-64\Lib\site-packages\starlette\_exception_handler.py", line 42, in wrapped_app
    await app(scope, receive, sender)
  File "C:\Users\Navnath\AppData\Local\Python\pythoncore-3.14-64\Lib\site-packages\starlette\routing.py", line 714, in __call__
    await self.middleware_stack(scope, receive, send)
  File "C:\Users\Navnath\AppData\Local\Python\pythoncore-3.14-64\Lib\site-packages\starlette\routing.py", line 734, in app
    await route.handle(scope, receive, send)
  File "C:\Users\Navnath\AppData\Local\Python\pythoncore-3.14-64\Lib\site-packages\starlette\routing.py", line 288, in handle
    await self.app(scope, receive, send)
  File "C:\Users\Navnath\AppData\Local\Python\pythoncore-3.14-64\Lib\site-packages\starlette\routing.py", line 76, in app
    await wrap_app_handling_exceptions(app, request)(scope, receive, send)
  File "C:\Users\Navnath\AppData\Local\Python\pythoncore-3.14-64\Lib\site-packages\starlette\_exception_handler.py", line 53, in wrapped_app
    raise exc
  File "C:\Users\Navnath\AppData\Local\Python\pythoncore-3.14-64\Lib\site-packages\starlette\_exception_handler.py", line 42, in wrapped_app
    await app(scope, receive, sender)
  File "C:\Users\Navnath\AppData\Local\Python\pythoncore-3.14-64\Lib\site-packages\starlette\routing.py", line 73, in app
    response = await f(request)
               ^^^^^^^^^^^^^^^^
  File "C:\Users\Navnath\AppData\Local\Python\pythoncore-3.14-64\Lib\site-packages\fastapi\routing.py", line 301, in app
    raw_response = await run_endpoint_function(
                   ^^^^^^^^^^^^^^^^^^^^^^^^^^^^
    ...<3 lines>...
    )
    ^
  File "C:\Users\Navnath\AppData\Local\Python\pythoncore-3.14-64\Lib\site-packages\fastapi\routing.py", line 214, in run_endpoint_function
    return await run_in_threadpool(dependant.call, **values)
           ^^^^^^^^^^^^^^^^^^^^^^^^^^^^^^^^^^^^^^^^^^^^^^^^^
  File "C:\Users\Navnath\AppData\Local\Python\pythoncore-3.14-64\Lib\site-packages\starlette\concurrency.py", line 37, in run_in_threadpool
    return await anyio.to_thread.run_sync(func)
           ^^^^^^^^^^^^^^^^^^^^^^^^^^^^^^^^^^^^
  File "C:\Users\Navnath\AppData\Local\Python\pythoncore-3.14-64\Lib\site-packages\anyio\to_thread.py", line 63, in run_sync
    return await get_async_backend().run_sync_in_worker_thread(
           ^^^^^^^^^^^^^^^^^^^^^^^^^^^^^^^^^^^^^^^^^^^^^^^^^^^^
        func, args, abandon_on_cancel=abandon_on_cancel, limiter=limiter
        ^^^^^^^^^^^^^^^^^^^^^^^^^^^^^^^^^^^^^^^^^^^^^^^^^^^^^^^^^^^^^^^^
    )
    ^
  File "C:\Users\Navnath\AppData\Local\Python\pythoncore-3.14-64\Lib\site-packages\anyio\_backends\_asyncio.py", line 2518, in run_sync_in_worker_thread
    return await future
           ^^^^^^^^^^^^
  File "C:\Users\Navnath\AppData\Local\Python\pythoncore-3.14-64\Lib\site-packages\anyio\_backends\_asyncio.py", line 1002, in run
    result = context.run(func, *args)
  File "D:\Maruti_workspace\rspl_Api\app\routers\user_rights.py", line 27, in get_my_rights
    return MyRightsResponse(forms={code: get_effective_access(current_user.user_id, code) for code in FORM_LABELS})
                                         ~~~~~~~~~~~~~~~~~~~~^^^^^^^^^^^^^^^^^^^^^^^^^^^^
  File "D:\Maruti_workspace\rspl_Api\app\rights.py", line 66, in get_effective_access
    cursor.execute(
    ~~~~~~~~~~~~~~^
        "SELECT AccessLevel FROM RSPL_UserFormRights WHERE UserId = ? AND FormCode = ?",
        ^^^^^^^^^^^^^^^^^^^^^^^^^^^^^^^^^^^^^^^^^^^^^^^^^^^^^^^^^^^^^^^^^^^^^^^^^^^^^^^^
        user_id, form_code,
        ^^^^^^^^^^^^^^^^^^^
    )
    ^
pyodbc.ProgrammingError: ('42S02', "[42S02] [Microsoft][ODBC Driver 17 for SQL Server][SQL Server]Invalid object name 'RSPL_UserFormRights'. (208) (SQLExecDirectW); [42S02] [Microsoft][ODBC Driver 17 for SQL Server][SQL Server]Statement(s) could not be prepared. (8180)")
INFO:     192.168.200.18:53714 - "GET /engineering-hub/users HTTP/1.1" 200 OK
INFO:     192.168.200.18:53716 - "GET /engineering-hub/products/lookup HTTP/1.1" 200 OK
INFO:     192.168.200.18:53715 - "GET /engineering-hub/features?include_disabled=false HTTP/1.1" 200 OK
INFO:     192.168.200.18:53715 - "GET /user-rights/me HTTP/1.1" 500 Internal Server Error
ERROR:    Exception in ASGI application
Traceback (most recent call last):
  File "C:\Users\Navnath\AppData\Local\Python\pythoncore-3.14-64\Lib\site-packages\uvicorn\protocols\http\httptools_impl.py", line 409, in run_asgi
    result = await app(  # type: ignore[func-returns-value]
             ^^^^^^^^^^^^^^^^^^^^^^^^^^^^^^^^^^^^^^^^^^^^^^
        self.scope, self.receive, self.send
        ^^^^^^^^^^^^^^^^^^^^^^^^^^^^^^^^^^^
    )
    ^
  File "C:\Users\Navnath\AppData\Local\Python\pythoncore-3.14-64\Lib\site-packages\uvicorn\middleware\proxy_headers.py", line 60, in __call__
    return await self.app(scope, receive, send)
           ^^^^^^^^^^^^^^^^^^^^^^^^^^^^^^^^^^^^
  File "C:\Users\Navnath\AppData\Local\Python\pythoncore-3.14-64\Lib\site-packages\fastapi\applications.py", line 1054, in __call__
    await super().__call__(scope, receive, send)
  File "C:\Users\Navnath\AppData\Local\Python\pythoncore-3.14-64\Lib\site-packages\starlette\applications.py", line 112, in __call__
    await self.middleware_stack(scope, receive, send)
  File "C:\Users\Navnath\AppData\Local\Python\pythoncore-3.14-64\Lib\site-packages\starlette\middleware\errors.py", line 187, in __call__
    raise exc
  File "C:\Users\Navnath\AppData\Local\Python\pythoncore-3.14-64\Lib\site-packages\starlette\middleware\errors.py", line 165, in __call__
    await self.app(scope, receive, _send)
  File "C:\Users\Navnath\AppData\Local\Python\pythoncore-3.14-64\Lib\site-packages\starlette\middleware\cors.py", line 93, in __call__
    await self.simple_response(scope, receive, send, request_headers=headers)
  File "C:\Users\Navnath\AppData\Local\Python\pythoncore-3.14-64\Lib\site-packages\starlette\middleware\cors.py", line 144, in simple_response
    await self.app(scope, receive, send)
  File "C:\Users\Navnath\AppData\Local\Python\pythoncore-3.14-64\Lib\site-packages\starlette\middleware\exceptions.py", line 62, in __call__
    await wrap_app_handling_exceptions(self.app, conn)(scope, receive, send)
  File "C:\Users\Navnath\AppData\Local\Python\pythoncore-3.14-64\Lib\site-packages\starlette\_exception_handler.py", line 53, in wrapped_app
    raise exc
  File "C:\Users\Navnath\AppData\Local\Python\pythoncore-3.14-64\Lib\site-packages\starlette\_exception_handler.py", line 42, in wrapped_app
    await app(scope, receive, sender)
  File "C:\Users\Navnath\AppData\Local\Python\pythoncore-3.14-64\Lib\site-packages\starlette\routing.py", line 714, in __call__
    await self.middleware_stack(scope, receive, send)
  File "C:\Users\Navnath\AppData\Local\Python\pythoncore-3.14-64\Lib\site-packages\starlette\routing.py", line 734, in app
    await route.handle(scope, receive, send)
  File "C:\Users\Navnath\AppData\Local\Python\pythoncore-3.14-64\Lib\site-packages\starlette\routing.py", line 288, in handle
    await self.app(scope, receive, send)
  File "C:\Users\Navnath\AppData\Local\Python\pythoncore-3.14-64\Lib\site-packages\starlette\routing.py", line 76, in app
    await wrap_app_handling_exceptions(app, request)(scope, receive, send)
  File "C:\Users\Navnath\AppData\Local\Python\pythoncore-3.14-64\Lib\site-packages\starlette\_exception_handler.py", line 53, in wrapped_app
    raise exc
  File "C:\Users\Navnath\AppData\Local\Python\pythoncore-3.14-64\Lib\site-packages\starlette\_exception_handler.py", line 42, in wrapped_app
    await app(scope, receive, sender)
  File "C:\Users\Navnath\AppData\Local\Python\pythoncore-3.14-64\Lib\site-packages\starlette\routing.py", line 73, in app
    response = await f(request)
               ^^^^^^^^^^^^^^^^
  File "C:\Users\Navnath\AppData\Local\Python\pythoncore-3.14-64\Lib\site-packages\fastapi\routing.py", line 301, in app
    raw_response = await run_endpoint_function(
                   ^^^^^^^^^^^^^^^^^^^^^^^^^^^^
    ...<3 lines>...
    )
    ^
  File "C:\Users\Navnath\AppData\Local\Python\pythoncore-3.14-64\Lib\site-packages\fastapi\routing.py", line 214, in run_endpoint_function
    return await run_in_threadpool(dependant.call, **values)
           ^^^^^^^^^^^^^^^^^^^^^^^^^^^^^^^^^^^^^^^^^^^^^^^^^
  File "C:\Users\Navnath\AppData\Local\Python\pythoncore-3.14-64\Lib\site-packages\starlette\concurrency.py", line 37, in run_in_threadpool
    return await anyio.to_thread.run_sync(func)
           ^^^^^^^^^^^^^^^^^^^^^^^^^^^^^^^^^^^^
  File "C:\Users\Navnath\AppData\Local\Python\pythoncore-3.14-64\Lib\site-packages\anyio\to_thread.py", line 63, in run_sync
    return await get_async_backend().run_sync_in_worker_thread(
           ^^^^^^^^^^^^^^^^^^^^^^^^^^^^^^^^^^^^^^^^^^^^^^^^^^^^
        func, args, abandon_on_cancel=abandon_on_cancel, limiter=limiter
        ^^^^^^^^^^^^^^^^^^^^^^^^^^^^^^^^^^^^^^^^^^^^^^^^^^^^^^^^^^^^^^^^
    )
    ^
  File "C:\Users\Navnath\AppData\Local\Python\pythoncore-3.14-64\Lib\site-packages\anyio\_backends\_asyncio.py", line 2518, in run_sync_in_worker_thread
    return await future
           ^^^^^^^^^^^^
  File "C:\Users\Navnath\AppData\Local\Python\pythoncore-3.14-64\Lib\site-packages\anyio\_backends\_asyncio.py", line 1002, in run
    result = context.run(func, *args)
  File "D:\Maruti_workspace\rspl_Api\app\routers\user_rights.py", line 27, in get_my_rights
    return MyRightsResponse(forms={code: get_effective_access(current_user.user_id, code) for code in FORM_LABELS})
                                         ~~~~~~~~~~~~~~~~~~~~^^^^^^^^^^^^^^^^^^^^^^^^^^^^
  File "D:\Maruti_workspace\rspl_Api\app\rights.py", line 66, in get_effective_access
    cursor.execute(
    ~~~~~~~~~~~~~~^
        "SELECT AccessLevel FROM RSPL_UserFormRights WHERE UserId = ? AND FormCode = ?",
        ^^^^^^^^^^^^^^^^^^^^^^^^^^^^^^^^^^^^^^^^^^^^^^^^^^^^^^^^^^^^^^^^^^^^^^^^^^^^^^^^
        user_id, form_code,
        ^^^^^^^^^^^^^^^^^^^
    )
    ^
pyodbc.ProgrammingError: ('42S02', "[42S02] [Microsoft][ODBC Driver 17 for SQL Server][SQL Server]Invalid object name 'RSPL_UserFormRights'. (208) (SQLExecDirectW); [42S02] [Microsoft][ODBC Driver 17 for SQL Server][SQL Server]Statement(s) could not be prepared. (8180)")
INFO:     192.168.200.18:53717 - "OPTIONS /engineering-hub/reports/feature-effort HTTP/1.1" 200 OK
INFO:     192.168.200.18:53718 - "GET /engineering-hub/reports/feature-effort HTTP/1.1" 200 OK
INFO:     192.168.200.18:53717 - "GET /user-rights/me HTTP/1.1" 500 Internal Server Error
ERROR:    Exception in ASGI application
Traceback (most recent call last):
  File "C:\Users\Navnath\AppData\Local\Python\pythoncore-3.14-64\Lib\site-packages\uvicorn\protocols\http\httptools_impl.py", line 409, in run_asgi
    result = await app(  # type: ignore[func-returns-value]
             ^^^^^^^^^^^^^^^^^^^^^^^^^^^^^^^^^^^^^^^^^^^^^^
        self.scope, self.receive, self.send
        ^^^^^^^^^^^^^^^^^^^^^^^^^^^^^^^^^^^
    )
    ^
  File "C:\Users\Navnath\AppData\Local\Python\pythoncore-3.14-64\Lib\site-packages\uvicorn\middleware\proxy_headers.py", line 60, in __call__
    return await self.app(scope, receive, send)
           ^^^^^^^^^^^^^^^^^^^^^^^^^^^^^^^^^^^^
  File "C:\Users\Navnath\AppData\Local\Python\pythoncore-3.14-64\Lib\site-packages\fastapi\applications.py", line 1054, in __call__
    await super().__call__(scope, receive, send)
  File "C:\Users\Navnath\AppData\Local\Python\pythoncore-3.14-64\Lib\site-packages\starlette\applications.py", line 112, in __call__
    await self.middleware_stack(scope, receive, send)
  File "C:\Users\Navnath\AppData\Local\Python\pythoncore-3.14-64\Lib\site-packages\starlette\middleware\errors.py", line 187, in __call__
    raise exc
  File "C:\Users\Navnath\AppData\Local\Python\pythoncore-3.14-64\Lib\site-packages\starlette\middleware\errors.py", line 165, in __call__
    await self.app(scope, receive, _send)
  File "C:\Users\Navnath\AppData\Local\Python\pythoncore-3.14-64\Lib\site-packages\starlette\middleware\cors.py", line 93, in __call__
    await self.simple_response(scope, receive, send, request_headers=headers)
  File "C:\Users\Navnath\AppData\Local\Python\pythoncore-3.14-64\Lib\site-packages\starlette\middleware\cors.py", line 144, in simple_response
    await self.app(scope, receive, send)
  File "C:\Users\Navnath\AppData\Local\Python\pythoncore-3.14-64\Lib\site-packages\starlette\middleware\exceptions.py", line 62, in __call__
    await wrap_app_handling_exceptions(self.app, conn)(scope, receive, send)
  File "C:\Users\Navnath\AppData\Local\Python\pythoncore-3.14-64\Lib\site-packages\starlette\_exception_handler.py", line 53, in wrapped_app
    raise exc
  File "C:\Users\Navnath\AppData\Local\Python\pythoncore-3.14-64\Lib\site-packages\starlette\_exception_handler.py", line 42, in wrapped_app
    await app(scope, receive, sender)
  File "C:\Users\Navnath\AppData\Local\Python\pythoncore-3.14-64\Lib\site-packages\starlette\routing.py", line 714, in __call__
    await self.middleware_stack(scope, receive, send)
  File "C:\Users\Navnath\AppData\Local\Python\pythoncore-3.14-64\Lib\site-packages\starlette\routing.py", line 734, in app
    await route.handle(scope, receive, send)
  File "C:\Users\Navnath\AppData\Local\Python\pythoncore-3.14-64\Lib\site-packages\starlette\routing.py", line 288, in handle
    await self.app(scope, receive, send)
  File "C:\Users\Navnath\AppData\Local\Python\pythoncore-3.14-64\Lib\site-packages\starlette\routing.py", line 76, in app
    await wrap_app_handling_exceptions(app, request)(scope, receive, send)
  File "C:\Users\Navnath\AppData\Local\Python\pythoncore-3.14-64\Lib\site-packages\starlette\_exception_handler.py", line 53, in wrapped_app
    raise exc
  File "C:\Users\Navnath\AppData\Local\Python\pythoncore-3.14-64\Lib\site-packages\starlette\_exception_handler.py", line 42, in wrapped_app
    await app(scope, receive, sender)
  File "C:\Users\Navnath\AppData\Local\Python\pythoncore-3.14-64\Lib\site-packages\starlette\routing.py", line 73, in app
    response = await f(request)
               ^^^^^^^^^^^^^^^^
  File "C:\Users\Navnath\AppData\Local\Python\pythoncore-3.14-64\Lib\site-packages\fastapi\routing.py", line 301, in app
    raw_response = await run_endpoint_function(
                   ^^^^^^^^^^^^^^^^^^^^^^^^^^^^
    ...<3 lines>...
    )
    ^
  File "C:\Users\Navnath\AppData\Local\Python\pythoncore-3.14-64\Lib\site-packages\fastapi\routing.py", line 214, in run_endpoint_function
    return await run_in_threadpool(dependant.call, **values)
           ^^^^^^^^^^^^^^^^^^^^^^^^^^^^^^^^^^^^^^^^^^^^^^^^^
  File "C:\Users\Navnath\AppData\Local\Python\pythoncore-3.14-64\Lib\site-packages\starlette\concurrency.py", line 37, in run_in_threadpool
    return await anyio.to_thread.run_sync(func)
           ^^^^^^^^^^^^^^^^^^^^^^^^^^^^^^^^^^^^
  File "C:\Users\Navnath\AppData\Local\Python\pythoncore-3.14-64\Lib\site-packages\anyio\to_thread.py", line 63, in run_sync
    return await get_async_backend().run_sync_in_worker_thread(
           ^^^^^^^^^^^^^^^^^^^^^^^^^^^^^^^^^^^^^^^^^^^^^^^^^^^^
        func, args, abandon_on_cancel=abandon_on_cancel, limiter=limiter
        ^^^^^^^^^^^^^^^^^^^^^^^^^^^^^^^^^^^^^^^^^^^^^^^^^^^^^^^^^^^^^^^^
    )
    ^
  File "C:\Users\Navnath\AppData\Local\Python\pythoncore-3.14-64\Lib\site-packages\anyio\_backends\_asyncio.py", line 2518, in run_sync_in_worker_thread
    return await future
           ^^^^^^^^^^^^
  File "C:\Users\Navnath\AppData\Local\Python\pythoncore-3.14-64\Lib\site-packages\anyio\_backends\_asyncio.py", line 1002, in run
    result = context.run(func, *args)
  File "D:\Maruti_workspace\rspl_Api\app\routers\user_rights.py", line 27, in get_my_rights
    return MyRightsResponse(forms={code: get_effective_access(current_user.user_id, code) for code in FORM_LABELS})
                                         ~~~~~~~~~~~~~~~~~~~~^^^^^^^^^^^^^^^^^^^^^^^^^^^^
  File "D:\Maruti_workspace\rspl_Api\app\rights.py", line 66, in get_effective_access
    cursor.execute(
    ~~~~~~~~~~~~~~^
        "SELECT AccessLevel FROM RSPL_UserFormRights WHERE UserId = ? AND FormCode = ?",
        ^^^^^^^^^^^^^^^^^^^^^^^^^^^^^^^^^^^^^^^^^^^^^^^^^^^^^^^^^^^^^^^^^^^^^^^^^^^^^^^^
        user_id, form_code,
        ^^^^^^^^^^^^^^^^^^^
    )
    ^
pyodbc.ProgrammingError: ('42S02', "[42S02] [Microsoft][ODBC Driver 17 for SQL Server][SQL Server]Invalid object name 'RSPL_UserFormRights'. (208) (SQLExecDirectW); [42S02] [Microsoft][ODBC Driver 17 for SQL Server][SQL Server]Statement(s) could not be prepared. (8180)")
INFO:     192.168.200.18:53734 - "GET /engineering-hub/reports/feature-effort HTTP/1.1" 200 OK
INFO:     127.0.0.1:53766 - "GET /openapi.json HTTP/1.1" 200 OK
